../Core/Src/TML.c:63:6:init	48	static
../Core/Src/TML.c:109:6:loop	208	static
../Core/Src/TML.c:159:6:onTemperCallback	8	static
../Core/Src/TML.c:162:6:handleCotaSMS	16	static
../Core/Src/TML.c:208:7:getUpdateVersion	4	static
../Core/Src/TML.c:211:6:setIMEI	16	static
../Core/Src/TML.c:217:6:Sleep_routine	40	static
../Core/Src/TML.c:234:6:Handle_LEDS	4	static
../Core/Src/TML.c:252:6:setPrintUartCmdStatus	16	static
../Core/Src/TML.c:255:6:getPrintUartCmdStatus	4	static
../Core/Src/TML.c:258:6:onPrintUartCmd	16	static
../Core/Src/TML.c:263:6:gsmParameterUpdate	16	static
../Core/Src/TML.c:293:6:makeMessageHeader	40	static
../Core/Src/TML.c:298:6:addGSMData	104	static
../Core/Src/TML.c:322:6:addGPSData	168	static
../Core/Src/TML.c:337:6:GPSDataCallback	16	static
../Core/Src/TML.c:341:6:task2	16	static
../Core/Src/TML.c:389:6:generateData	2752	static
../Core/Src/TML.c:438:6:HAL_TIM_PeriodElapsedCallback	16	static
../Core/Src/TML.c:483:6:HAL_UART_RxCpltCallback	16	static
../Core/Src/TML.c:491:6:HAL_UART_RxHalfCpltCallback	16	static
../Core/Src/TML.c:498:6:HAL_UARTEx_RxEventCallback	16	static
../Core/Src/TML.c:508:6:setSampling	16	static
../Core/Src/TML.c:512:6:Check_USMS	56	static
