../FOTA/Src/Fota_func.c:7:6:setImei	4	static
../FOTA/Src/Fota_func.c:10:6:getImei	4	static
../FOTA/Src/Fota_func.c:22:6:setStaticKeys	24	static
../FOTA/Src/Fota_func.c:27:6:setComKeys	24	static
../FOTA/Src/Fota_func.c:57:6:reset_keyresBuffer	8	static
../FOTA/Src/Fota_func.c:61:6:handleKeysRequest	1040	dynamic
../FOTA/Src/Fota_func.c:131:6:handleKeysUpdate	8	static
../FOTA/Src/Fota_func.c:136:6:handleFotaDetails	8	static
../FOTA/Src/Fota_func.c:141:6:handleVersionStatus	8	static
../FOTA/Src/Fota_func.c:146:6:handleCotaData	1072	dynamic
../FOTA/Src/Fota_func.c:218:6:handleErrorResponse	8	static
../FOTA/Src/Fota_func.c:223:6:handleFotaData	1080	dynamic
../FOTA/Src/Fota_func.c:339:6:processMessage	16	static
../FOTA/Src/Fota_func.c:369:6:Config_Update	264	static
../FOTA/Src/Fota_func.c:403:6:Extract_Data_from_Buffer	24	static
../FOTA/Src/Fota_func.c:412:5:Response_Check	32	static
../FOTA/Src/Fota_func.c:434:5:Hex_Check	24	static
../FOTA/Src/Fota_func.c:452:6:extractKeys	32	static
../FOTA/Src/Fota_func.c:487:6:Seprate_String	72	dynamic
../FOTA/Src/Fota_func.c:514:6:FOTA_Seprate_String	72	dynamic
../FOTA/Src/Fota_func.c:543:9:Calculate_CRC8	48	dynamic
