../Drivers/STM32H5xx_HAL_Driver/Inc/stm32h5xx_ll_rcc.h:1574:26:LL_RCC_HSE_IsReady	4	static
../Drivers/STM32H5xx_HAL_Driver/Inc/stm32h5xx_ll_rcc.h:1618:22:LL_RCC_HSI_Enable	4	static
../Drivers/STM32H5xx_HAL_Driver/Inc/stm32h5xx_ll_rcc.h:1638:26:LL_RCC_HSI_IsReady	4	static
../Drivers/STM32H5xx_HAL_Driver/Inc/stm32h5xx_ll_rcc.h:1708:26:LL_RCC_HSI_GetDivider	4	static
../Drivers/STM32H5xx_HAL_Driver/Inc/stm32h5xx_ll_rcc.h:1734:22:LL_RCC_HSI_SetCalibTrimming	16	static
../Drivers/STM32H5xx_HAL_Driver/Inc/stm32h5xx_ll_rcc.h:1782:26:LL_RCC_CSI_IsReady	4	static
../Drivers/STM32H5xx_HAL_Driver/Inc/stm32h5xx_ll_rcc.h:1886:26:LL_RCC_HSI48_IsReady	4	static
../Drivers/STM32H5xx_HAL_Driver/Inc/stm32h5xx_ll_rcc.h:1934:26:LL_RCC_LSE_IsReady	4	static
../Drivers/STM32H5xx_HAL_Driver/Inc/stm32h5xx_ll_rcc.h:2082:26:LL_RCC_LSI_IsReady	4	static
../Drivers/STM32H5xx_HAL_Driver/Inc/stm32h5xx_ll_rcc.h:2174:26:LL_RCC_GetSysClkSource	4	static
../Drivers/STM32H5xx_HAL_Driver/Inc/stm32h5xx_ll_rcc.h:2275:26:LL_RCC_GetAHBPrescaler	4	static
../Drivers/STM32H5xx_HAL_Driver/Inc/stm32h5xx_ll_rcc.h:2303:26:LL_RCC_GetAPB1Prescaler	4	static
../Drivers/STM32H5xx_HAL_Driver/Inc/stm32h5xx_ll_rcc.h:2318:26:LL_RCC_GetAPB2Prescaler	4	static
../Drivers/STM32H5xx_HAL_Driver/Inc/stm32h5xx_ll_rcc.h:2333:26:LL_RCC_GetAPB3Prescaler	4	static
../Drivers/STM32H5xx_HAL_Driver/Inc/stm32h5xx_ll_rcc.h:3337:26:LL_RCC_GetClockSource	24	static
../Drivers/STM32H5xx_HAL_Driver/Inc/stm32h5xx_ll_rcc.h:3399:26:LL_RCC_GetUSARTClockSource	16	static
../Drivers/STM32H5xx_HAL_Driver/Inc/stm32h5xx_ll_rcc.h:3458:26:LL_RCC_GetUARTClockSource	16	static
../Drivers/STM32H5xx_HAL_Driver/Inc/stm32h5xx_ll_rcc.h:3479:26:LL_RCC_GetLPUARTClockSource	16	static
../Drivers/STM32H5xx_HAL_Driver/Inc/stm32h5xx_ll_rcc.h:3518:26:LL_RCC_GetI2CClockSource	16	static
../Drivers/STM32H5xx_HAL_Driver/Inc/stm32h5xx_ll_rcc.h:3544:26:LL_RCC_GetI3CClockSource	16	static
../Drivers/STM32H5xx_HAL_Driver/Inc/stm32h5xx_ll_rcc.h:3601:26:LL_RCC_GetSPIClockSource	16	static
../Drivers/STM32H5xx_HAL_Driver/Inc/stm32h5xx_ll_rcc.h:3661:26:LL_RCC_GetLPTIMClockSource	16	static
../Drivers/STM32H5xx_HAL_Driver/Inc/stm32h5xx_ll_rcc.h:3696:26:LL_RCC_GetFDCANClockSource	16	static
../Drivers/STM32H5xx_HAL_Driver/Inc/stm32h5xx_ll_rcc.h:3721:26:LL_RCC_GetSAIClockSource	16	static
../Drivers/STM32H5xx_HAL_Driver/Inc/stm32h5xx_ll_rcc.h:3743:26:LL_RCC_GetSDMMCClockSource	16	static
../Drivers/STM32H5xx_HAL_Driver/Inc/stm32h5xx_ll_rcc.h:3760:26:LL_RCC_GetRNGClockSource	16	static
../Drivers/STM32H5xx_HAL_Driver/Inc/stm32h5xx_ll_rcc.h:3778:26:LL_RCC_GetUSBClockSource	16	static
../Drivers/STM32H5xx_HAL_Driver/Inc/stm32h5xx_ll_rcc.h:3796:26:LL_RCC_GetADCDACClockSource	16	static
../Drivers/STM32H5xx_HAL_Driver/Inc/stm32h5xx_ll_rcc.h:3810:26:LL_RCC_GetDACLPClockSource	16	static
../Drivers/STM32H5xx_HAL_Driver/Inc/stm32h5xx_ll_rcc.h:3825:26:LL_RCC_GetCECClockSource	16	static
../Drivers/STM32H5xx_HAL_Driver/Inc/stm32h5xx_ll_rcc.h:3842:26:LL_RCC_GetOCTOSPIClockSource	16	static
../Drivers/STM32H5xx_HAL_Driver/Inc/stm32h5xx_ll_rcc.h:3859:26:LL_RCC_GetCLKPClockSource	16	static
../Drivers/STM32H5xx_HAL_Driver/Inc/stm32h5xx_ll_rcc.h:4194:26:LL_RCC_PLL1_IsReady	4	static
../Drivers/STM32H5xx_HAL_Driver/Inc/stm32h5xx_ll_rcc.h:4273:26:LL_RCC_PLL1P_IsEnabled	4	static
../Drivers/STM32H5xx_HAL_Driver/Inc/stm32h5xx_ll_rcc.h:4283:26:LL_RCC_PLL1Q_IsEnabled	4	static
../Drivers/STM32H5xx_HAL_Driver/Inc/stm32h5xx_ll_rcc.h:4293:26:LL_RCC_PLL1R_IsEnabled	4	static
../Drivers/STM32H5xx_HAL_Driver/Inc/stm32h5xx_ll_rcc.h:4346:26:LL_RCC_PLL1_GetSource	4	static
../Drivers/STM32H5xx_HAL_Driver/Inc/stm32h5xx_ll_rcc.h:4366:26:LL_RCC_PLL1_GetN	4	static
../Drivers/STM32H5xx_HAL_Driver/Inc/stm32h5xx_ll_rcc.h:4388:26:LL_RCC_PLL1_GetP	4	static
../Drivers/STM32H5xx_HAL_Driver/Inc/stm32h5xx_ll_rcc.h:4411:26:LL_RCC_PLL1_GetQ	4	static
../Drivers/STM32H5xx_HAL_Driver/Inc/stm32h5xx_ll_rcc.h:4433:26:LL_RCC_PLL1_GetR	4	static
../Drivers/STM32H5xx_HAL_Driver/Inc/stm32h5xx_ll_rcc.h:4453:26:LL_RCC_PLL1_GetM	4	static
../Drivers/STM32H5xx_HAL_Driver/Inc/stm32h5xx_ll_rcc.h:4473:26:LL_RCC_PLL1FRACN_IsEnabled	4	static
../Drivers/STM32H5xx_HAL_Driver/Inc/stm32h5xx_ll_rcc.h:4503:26:LL_RCC_PLL1_GetFRACN	4	static
../Drivers/STM32H5xx_HAL_Driver/Inc/stm32h5xx_ll_rcc.h:4571:26:LL_RCC_PLL2_IsReady	4	static
../Drivers/STM32H5xx_HAL_Driver/Inc/stm32h5xx_ll_rcc.h:4600:26:LL_RCC_PLL2_GetSource	4	static
../Drivers/STM32H5xx_HAL_Driver/Inc/stm32h5xx_ll_rcc.h:4621:26:LL_RCC_PLL2_GetM	4	static
../Drivers/STM32H5xx_HAL_Driver/Inc/stm32h5xx_ll_rcc.h:4641:26:LL_RCC_PLL2_GetN	4	static
../Drivers/STM32H5xx_HAL_Driver/Inc/stm32h5xx_ll_rcc.h:4663:26:LL_RCC_PLL2_GetP	4	static
../Drivers/STM32H5xx_HAL_Driver/Inc/stm32h5xx_ll_rcc.h:4686:26:LL_RCC_PLL2_GetQ	4	static
../Drivers/STM32H5xx_HAL_Driver/Inc/stm32h5xx_ll_rcc.h:4708:26:LL_RCC_PLL2_GetR	4	static
../Drivers/STM32H5xx_HAL_Driver/Inc/stm32h5xx_ll_rcc.h:4784:26:LL_RCC_PLL2P_IsEnabled	4	static
../Drivers/STM32H5xx_HAL_Driver/Inc/stm32h5xx_ll_rcc.h:4794:26:LL_RCC_PLL2Q_IsEnabled	4	static
../Drivers/STM32H5xx_HAL_Driver/Inc/stm32h5xx_ll_rcc.h:4804:26:LL_RCC_PLL2R_IsEnabled	4	static
../Drivers/STM32H5xx_HAL_Driver/Inc/stm32h5xx_ll_rcc.h:4824:26:LL_RCC_PLL2FRACN_IsEnabled	4	static
../Drivers/STM32H5xx_HAL_Driver/Inc/stm32h5xx_ll_rcc.h:4854:26:LL_RCC_PLL2_GetFRACN	4	static
../Drivers/STM32H5xx_HAL_Driver/Inc/stm32h5xx_ll_rcc.h:4923:26:LL_RCC_PLL3_IsReady	4	static
../Drivers/STM32H5xx_HAL_Driver/Inc/stm32h5xx_ll_rcc.h:4953:26:LL_RCC_PLL3_GetSource	4	static
../Drivers/STM32H5xx_HAL_Driver/Inc/stm32h5xx_ll_rcc.h:4973:26:LL_RCC_PLL3_GetN	4	static
../Drivers/STM32H5xx_HAL_Driver/Inc/stm32h5xx_ll_rcc.h:4995:26:LL_RCC_PLL3_GetP	4	static
../Drivers/STM32H5xx_HAL_Driver/Inc/stm32h5xx_ll_rcc.h:5017:26:LL_RCC_PLL3_GetQ	4	static
../Drivers/STM32H5xx_HAL_Driver/Inc/stm32h5xx_ll_rcc.h:5039:26:LL_RCC_PLL3_GetR	4	static
../Drivers/STM32H5xx_HAL_Driver/Inc/stm32h5xx_ll_rcc.h:5059:26:LL_RCC_PLL3_GetM	4	static
../Drivers/STM32H5xx_HAL_Driver/Inc/stm32h5xx_ll_rcc.h:5135:26:LL_RCC_PLL3P_IsEnabled	4	static
../Drivers/STM32H5xx_HAL_Driver/Inc/stm32h5xx_ll_rcc.h:5145:26:LL_RCC_PLL3Q_IsEnabled	4	static
../Drivers/STM32H5xx_HAL_Driver/Inc/stm32h5xx_ll_rcc.h:5155:26:LL_RCC_PLL3R_IsEnabled	4	static
../Drivers/STM32H5xx_HAL_Driver/Inc/stm32h5xx_ll_rcc.h:5175:26:LL_RCC_PLL3FRACN_IsEnabled	4	static
../Drivers/STM32H5xx_HAL_Driver/Inc/stm32h5xx_ll_rcc.h:5205:26:LL_RCC_PLL3_GetFRACN	4	static
../Drivers/STM32H5xx_HAL_Driver/Inc/stm32h5xx_ll_rcc.h:5623:22:LL_RCC_ClearResetFlags	4	static
../Drivers/STM32H5xx_HAL_Driver/Src/stm32h5xx_ll_rcc.c:197:13:LL_RCC_DeInit	8	static
../Drivers/STM32H5xx_HAL_Driver/Src/stm32h5xx_ll_rcc.c:350:6:LL_RCC_GetSystemClocksFreq	16	static
../Drivers/STM32H5xx_HAL_Driver/Src/stm32h5xx_ll_rcc.c:373:6:LL_RCC_GetPLL1ClockFreq	48	static
../Drivers/STM32H5xx_HAL_Driver/Src/stm32h5xx_ll_rcc.c:456:6:LL_RCC_GetPLL2ClockFreq	48	static
../Drivers/STM32H5xx_HAL_Driver/Src/stm32h5xx_ll_rcc.c:540:6:LL_RCC_GetPLL3ClockFreq	48	static
../Drivers/STM32H5xx_HAL_Driver/Src/stm32h5xx_ll_rcc.c:630:10:LL_RCC_CalcPLLClockFreq	32	static
../Drivers/STM32H5xx_HAL_Driver/Src/stm32h5xx_ll_rcc.c:656:10:LL_RCC_GetUSARTClockFreq	32	static
../Drivers/STM32H5xx_HAL_Driver/Src/stm32h5xx_ll_rcc.c:1042:10:LL_RCC_GetUARTClockFreq	32	static
../Drivers/STM32H5xx_HAL_Driver/Src/stm32h5xx_ll_rcc.c:1423:10:LL_RCC_GetSPIClockFreq	32	static
../Drivers/STM32H5xx_HAL_Driver/Src/stm32h5xx_ll_rcc.c:1787:10:LL_RCC_GetI2CClockFreq	32	static
../Drivers/STM32H5xx_HAL_Driver/Src/stm32h5xx_ll_rcc.c:2000:10:LL_RCC_GetI3CClockFreq	32	static
../Drivers/STM32H5xx_HAL_Driver/Src/stm32h5xx_ll_rcc.c:2123:10:LL_RCC_GetLPUARTClockFreq	32	static
../Drivers/STM32H5xx_HAL_Driver/Src/stm32h5xx_ll_rcc.c:2205:10:LL_RCC_GetLPTIMClockFreq	32	static
../Drivers/STM32H5xx_HAL_Driver/Src/stm32h5xx_ll_rcc.c:2566:10:LL_RCC_GetSAIClockFreq	32	static
../Drivers/STM32H5xx_HAL_Driver/Src/stm32h5xx_ll_rcc.c:2696:10:LL_RCC_GetSDMMCClockFreq	32	static
../Drivers/STM32H5xx_HAL_Driver/Src/stm32h5xx_ll_rcc.c:2788:10:LL_RCC_GetRNGClockFreq	32	static
../Drivers/STM32H5xx_HAL_Driver/Src/stm32h5xx_ll_rcc.c:2847:10:LL_RCC_GetUSBClockFreq	32	static
../Drivers/STM32H5xx_HAL_Driver/Src/stm32h5xx_ll_rcc.c:2908:10:LL_RCC_GetADCDACClockFreq	32	static
../Drivers/STM32H5xx_HAL_Driver/Src/stm32h5xx_ll_rcc.c:2974:10:LL_RCC_GetDACLPClockFreq	24	static
../Drivers/STM32H5xx_HAL_Driver/Src/stm32h5xx_ll_rcc.c:3014:10:LL_RCC_GetOCTOSPIClockFreq	32	static
../Drivers/STM32H5xx_HAL_Driver/Src/stm32h5xx_ll_rcc.c:3072:10:LL_RCC_GetFDCANClockFreq	32	static
../Drivers/STM32H5xx_HAL_Driver/Src/stm32h5xx_ll_rcc.c:3131:10:LL_RCC_GetCECClockFreq	24	static
../Drivers/STM32H5xx_HAL_Driver/Src/stm32h5xx_ll_rcc.c:3177:10:LL_RCC_GetCLKPClockFreq	24	static
../Drivers/STM32H5xx_HAL_Driver/Src/stm32h5xx_ll_rcc.c:3231:10:RCC_GetSystemClockFreq	16	static
../Drivers/STM32H5xx_HAL_Driver/Src/stm32h5xx_ll_rcc.c:3267:10:RCC_GetHCLKClockFreq	16	static
../Drivers/STM32H5xx_HAL_Driver/Src/stm32h5xx_ll_rcc.c:3278:10:RCC_GetPCLK1ClockFreq	16	static
../Drivers/STM32H5xx_HAL_Driver/Src/stm32h5xx_ll_rcc.c:3289:10:RCC_GetPCLK2ClockFreq	16	static
../Drivers/STM32H5xx_HAL_Driver/Src/stm32h5xx_ll_rcc.c:3301:10:RCC_GetPCLK3ClockFreq	16	static
../Drivers/STM32H5xx_HAL_Driver/Src/stm32h5xx_ll_rcc.c:3311:10:RCC_PLL1_GetFreqSystem	24	static
