../Drivers/STM32H5xx_HAL_Driver/Src/stm32h5xx_hal_cryp.c:439:19:HAL_CRYP_Init	24	static
../Drivers/STM32H5xx_HAL_Driver/Src/stm32h5xx_hal_cryp.c:551:19:HAL_CRYP_DeInit	16	static
../Drivers/STM32H5xx_HAL_Driver/Src/stm32h5xx_hal_cryp.c:603:19:HAL_CRYP_SetConfig	16	static
../Drivers/STM32H5xx_HAL_Driver/Src/stm32h5xx_hal_cryp.c:693:19:HAL_CRYP_GetConfig	16	static
../Drivers/STM32H5xx_HAL_Driver/Src/stm32h5xx_hal_cryp.c:743:13:HAL_CRYP_MspInit	16	static
../Drivers/STM32H5xx_HAL_Driver/Src/stm32h5xx_hal_cryp.c:759:13:HAL_CRYP_MspDeInit	16	static
../Drivers/STM32H5xx_HAL_Driver/Src/stm32h5xx_hal_cryp.c:1128:20:HAL_CRYP_SaveContext	16	static
../Drivers/STM32H5xx_HAL_Driver/Src/stm32h5xx_hal_cryp.c:1188:19:HAL_CRYP_RestoreContext	16	static
../Drivers/STM32H5xx_HAL_Driver/Src/stm32h5xx_hal_cryp.c:1346:19:HAL_CRYP_Encrypt	32	static
../Drivers/STM32H5xx_HAL_Driver/Src/stm32h5xx_hal_cryp.c:1444:19:HAL_CRYP_Decrypt	32	static
../Drivers/STM32H5xx_HAL_Driver/Src/stm32h5xx_hal_cryp.c:1535:19:HAL_CRYP_Encrypt_IT	32	static
../Drivers/STM32H5xx_HAL_Driver/Src/stm32h5xx_hal_cryp.c:1639:19:HAL_CRYP_Decrypt_IT	32	static
../Drivers/STM32H5xx_HAL_Driver/Src/stm32h5xx_hal_cryp.c:1741:19:HAL_CRYP_Encrypt_DMA	40	static
../Drivers/STM32H5xx_HAL_Driver/Src/stm32h5xx_hal_cryp.c:1904:19:HAL_CRYP_Decrypt_DMA	32	static
../Drivers/STM32H5xx_HAL_Driver/Src/stm32h5xx_hal_cryp.c:2006:6:HAL_CRYP_IRQHandler	32	static
../Drivers/STM32H5xx_HAL_Driver/Src/stm32h5xx_hal_cryp.c:2073:10:HAL_CRYP_GetError	16	static
../Drivers/STM32H5xx_HAL_Driver/Src/stm32h5xx_hal_cryp.c:2084:23:HAL_CRYP_GetState	16	static
../Drivers/STM32H5xx_HAL_Driver/Src/stm32h5xx_hal_cryp.c:2095:13:HAL_CRYP_InCpltCallback	16	static
../Drivers/STM32H5xx_HAL_Driver/Src/stm32h5xx_hal_cryp.c:2111:13:HAL_CRYP_OutCpltCallback	16	static
../Drivers/STM32H5xx_HAL_Driver/Src/stm32h5xx_hal_cryp.c:2127:13:HAL_CRYP_ErrorCallback	16	static
../Drivers/STM32H5xx_HAL_Driver/Src/stm32h5xx_hal_cryp.c:2155:26:CRYP_AES_Encrypt	32	static
../Drivers/STM32H5xx_HAL_Driver/Src/stm32h5xx_hal_cryp.c:2294:26:CRYP_AES_Encrypt_IT	24	static
../Drivers/STM32H5xx_HAL_Driver/Src/stm32h5xx_hal_cryp.c:2409:26:CRYP_AES_Decrypt	24	static
../Drivers/STM32H5xx_HAL_Driver/Src/stm32h5xx_hal_cryp.c:2619:26:CRYP_AES_Decrypt_IT	24	static
../Drivers/STM32H5xx_HAL_Driver/Src/stm32h5xx_hal_cryp.c:2808:26:CRYP_AES_Decrypt_DMA	24	static
../Drivers/STM32H5xx_HAL_Driver/Src/stm32h5xx_hal_cryp.c:2986:13:CRYP_DMAInCplt	96	static
../Drivers/STM32H5xx_HAL_Driver/Src/stm32h5xx_hal_cryp.c:3097:13:CRYP_DMAOutCplt	56	static
../Drivers/STM32H5xx_HAL_Driver/Src/stm32h5xx_hal_cryp.c:3210:13:CRYP_DMAError	24	static
../Drivers/STM32H5xx_HAL_Driver/Src/stm32h5xx_hal_cryp.c:3242:13:CRYP_SetDMAConfig	32	static
../Drivers/STM32H5xx_HAL_Driver/Src/stm32h5xx_hal_cryp.c:3355:26:CRYP_SetHeaderDMAConfig	32	static
../Drivers/STM32H5xx_HAL_Driver/Src/stm32h5xx_hal_cryp.c:3421:13:CRYP_AES_ProcessData	40	static
../Drivers/STM32H5xx_HAL_Driver/Src/stm32h5xx_hal_cryp.c:3475:13:CRYP_AES_IT	40	static
../Drivers/STM32H5xx_HAL_Driver/Src/stm32h5xx_hal_cryp.c:3585:13:CRYP_SetKey	16	static
../Drivers/STM32H5xx_HAL_Driver/Src/stm32h5xx_hal_cryp.c:3620:13:CRYP_SetIV	16	static
../Drivers/STM32H5xx_HAL_Driver/Src/stm32h5xx_hal_cryp.c:3639:26:CRYP_AESGCM_Process	64	static
../Drivers/STM32H5xx_HAL_Driver/Src/stm32h5xx_hal_cryp.c:3869:26:CRYP_AESGCM_Process_IT	104	static
../Drivers/STM32H5xx_HAL_Driver/Src/stm32h5xx_hal_cryp.c:4267:26:CRYP_AESGCM_Process_DMA	24	static
../Drivers/STM32H5xx_HAL_Driver/Src/stm32h5xx_hal_cryp.c:4401:26:CRYP_AESCCM_Process	64	static
../Drivers/STM32H5xx_HAL_Driver/Src/stm32h5xx_hal_cryp.c:4627:26:CRYP_AESCCM_Process_IT	104	static
../Drivers/STM32H5xx_HAL_Driver/Src/stm32h5xx_hal_cryp.c:5018:26:CRYP_AESCCM_Process_DMA	24	static
../Drivers/STM32H5xx_HAL_Driver/Src/stm32h5xx_hal_cryp.c:5154:13:CRYP_GCMCCM_SetPayloadPhase_IT	56	static
../Drivers/STM32H5xx_HAL_Driver/Src/stm32h5xx_hal_cryp.c:5296:26:CRYP_GCMCCM_SetPayloadPhase_DMA	56	static
../Drivers/STM32H5xx_HAL_Driver/Src/stm32h5xx_hal_cryp.c:5426:26:CRYP_GCMCCM_SetHeaderPhase	88	static
../Drivers/STM32H5xx_HAL_Driver/Src/stm32h5xx_hal_cryp.c:5560:26:CRYP_GCMCCM_SetHeaderPhase_DMA	88	static
../Drivers/STM32H5xx_HAL_Driver/Src/stm32h5xx_hal_cryp.c:5679:13:CRYP_GCMCCM_SetHeaderPhase_IT	96	static
../Drivers/STM32H5xx_HAL_Driver/Src/stm32h5xx_hal_cryp.c:5876:26:CRYP_WaitOnCCFlag	24	static
../Drivers/STM32H5xx_HAL_Driver/Src/stm32h5xx_hal_cryp.c:5909:13:CRYP_ClearCCFlagWhenHigh	24	static
