../COMMON/Src/EC200Utils.c:13:6:wait_for_response	32	static
../COMMON/Src/EC200Utils.c:31:6:EC200_Transmit	32	static
../COMMON/Src/EC200Utils.c:38:6:EC200_Init	416	static
../COMMON/Src/EC200Utils.c:141:6:getIMEI	40	static
../COMMON/Src/EC200Utils.c:155:5:getSignal	112	static
../COMMON/Src/EC200Utils.c:169:6:getOperatorName	616	static
../COMMON/Src/EC200Utils.c:184:6:get_MCC_MNC_CellID	2032	static
../COMMON/Src/EC200Utils.c:201:6:setupEc200	16	static
../COMMON/Src/EC200Utils.c:231:7:E200_RxHAlfCpltCallback	8	static
../COMMON/Src/EC200Utils.c:235:7:Ec200_RxEventCallback	16	static
../COMMON/Src/EC200Utils.c:239:7:E200_RXCpltCallback	8	static
../COMMON/Src/EC200Utils.c:242:6:switchIdle	4	static
../COMMON/Src/EC200Utils.c:251:6:enableIdle	8	static
