../Drivers/CMSIS/Include/core_cm33.h:2378:26:__NVIC_GetPriorityGrouping	4	static
../Drivers/CMSIS/Include/core_cm33.h:2390:22:__NVIC_EnableIRQ	16	static,ignoring_inline_asm
../Drivers/CMSIS/Include/core_cm33.h:2587:22:__NVIC_SetPriority	16	static
../Drivers/CMSIS/Include/core_cm33.h:2634:26:NVIC_EncodePriority	40	static
../Drivers/STM32H5xx_HAL_Driver/Inc/stm32h5xx_ll_gpio.h:283:22:LL_GPIO_SetPinMode	48	static,ignoring_inline_asm
../Drivers/STM32H5xx_HAL_Driver/Inc/stm32h5xx_ll_gpio.h:496:22:LL_GPIO_SetPinPull	48	static,ignoring_inline_asm
../Drivers/STM32H5xx_HAL_Driver/Inc/stm32h5xx_ll_gpio.h:813:26:LL_GPIO_IsInputPinSet	16	static
../Drivers/STM32H5xx_HAL_Driver/Inc/stm32h5xx_ll_exti.h:1534:22:LL_EXTI_ClearRisingFlag_0_31	16	static
../Drivers/STM32H5xx_HAL_Driver/Inc/stm32h5xx_ll_exti.h:1612:22:LL_EXTI_SetEXTISource	16	static
../GPIO/Src/gpio_handler.c:23:6:getSleepStatus	4	static
../GPIO/Src/gpio_handler.c:26:6:setSleppStatus	16	static
../GPIO/Src/gpio_handler.c:29:6:initEvb	16	static
../GPIO/Src/gpio_handler.c:32:6:initIvb	16	static
../GPIO/Src/gpio_handler.c:36:6:getInputVoltage	24	static
../GPIO/Src/gpio_handler.c:50:6:getInternalBattery	24	static
../GPIO/Src/gpio_handler.c:65:6:getIgnition	8	static
../GPIO/Src/gpio_handler.c:69:6:getTemperStatus	8	static
../GPIO/Src/gpio_handler.c:73:6:initRTC	16	static
../GPIO/Src/gpio_handler.c:76:6:setTime	16	static
../GPIO/Src/gpio_handler.c:87:6:setDate	16	static
../GPIO/Src/gpio_handler.c:97:6:getDateTime	24	static
../GPIO/Src/gpio_handler.c:112:6:config_IT	8	static
../GPIO/Src/gpio_handler.c:137:6:On_Wakeup_Config	8	static
../GPIO/Src/gpio_handler.c:162:6:Configure_RTC_WakeUp_Timer	8	static
../GPIO/Src/gpio_handler.c:171:6:GO_TO_SLEEP	8	static
../GPIO/Src/gpio_handler.c:185:6:Disable_EXTI0	8	static
../GPIO/Src/gpio_handler.c:193:6:SL_WK_GPIO_Int	24	static
../GPIO/Src/gpio_handler.c:221:6:Turn_OFF_Modules	8	static
../GPIO/Src/gpio_handler.c:230:6:Turn_ON_Modules	8	static
../GPIO/Src/gpio_handler.c:238:6:Sleep_Mode	16	static
