../Drivers/STM32H5xx_HAL_Driver/Inc/stm32h5xx_ll_spi.h:1634:26:LL_SPI_IsActiveFlag_RXP	16	static
../Drivers/STM32H5xx_HAL_Driver/Inc/stm32h5xx_ll_spi.h:1645:26:LL_SPI_IsActiveFlag_TXP	16	static
../Drivers/STM32H5xx_HAL_Driver/Inc/stm32h5xx_ll_spi.h:2331:25:LL_SPI_ReceiveData8	16	static
../Drivers/STM32H5xx_HAL_Driver/Inc/stm32h5xx_ll_spi.h:2370:22:LL_SPI_TransmitData8	16	static
../NANDFLASH/Src/SPI_FLASH.c:43:6:SPI_FLASH_Reset_Write_ADD	8	static
../NANDFLASH/Src/SPI_FLASH.c:55:6:Unlock_ALL_Blocks	8	static
../NANDFLASH/Src/SPI_FLASH.c:75:6:SPI_FLASH_Write_ECC_Bit	16	static
../NANDFLASH/Src/SPI_FLASH.c:92:6:SPI_FLASH_Check_ECC_Mode	8	static
../NANDFLASH/Src/SPI_FLASH.c:104:6:SPI_FLASH_Read_Block_Lock_Register	8	static
../NANDFLASH/Src/SPI_FLASH.c:115:6:Parameter_Page	8	static
../NANDFLASH/Src/SPI_FLASH.c:137:6:Block_Lock_Protection_Disable	8	static
../NANDFLASH/Src/SPI_FLASH.c:156:15:SPI_FLASH_SendByte	16	static
../NANDFLASH/Src/SPI_FLASH.c:172:6:SPI_FLASH_ReadID	16	static
../NANDFLASH/Src/SPI_FLASH.c:191:6:SPI_FLASH_WriteEnable	8	static
../NANDFLASH/Src/SPI_FLASH.c:202:6:SPI_FLASH_WriteDisable	8	static
../NANDFLASH/Src/SPI_FLASH.c:213:7:Block_Erase	16	static
../NANDFLASH/Src/SPI_FLASH.c:245:6:Flash_EN	8	static
../NANDFLASH/Src/SPI_FLASH.c:249:6:Flash_Dis	8	static
../NANDFLASH/Src/SPI_FLASH.c:254:9:read_status_register	16	static
../NANDFLASH/Src/SPI_FLASH.c:286:9:Flash_write	32	static
../NANDFLASH/Src/SPI_FLASH.c:333:9:Read_Page	32	static
../NANDFLASH/Src/SPI_FLASH.c:378:6:SPI_FLASH_Increament_Flash_Addr	8	static
../NANDFLASH/Src/SPI_FLASH.c:401:6:SPI_FLASH_Full_Erase	8	static
../NANDFLASH/Src/SPI_FLASH.c:422:15:SPI_FLASH_Creat_ADDR_TO_WRITE	32	static
../NANDFLASH/Src/SPI_FLASH.c:434:6:Bulk_Write	32	static
../NANDFLASH/Src/SPI_FLASH.c:500:6:Bulk_Read	40	static
